Archive member included to satisfy reference by file (symbol)

/usr/local/gcc-arm-none-eabi/lib/gcc/arm-none-eabi/5.3.1/armv6-m/libgcc.a(_divsi3.o)
                              serial.o (__aeabi_idiv)
/usr/local/gcc-arm-none-eabi/lib/gcc/arm-none-eabi/5.3.1/armv6-m/libgcc.a(_dvmd_tls.o)
                              /usr/local/gcc-arm-none-eabi/lib/gcc/arm-none-eabi/5.3.1/armv6-m/libgcc.a(_divsi3.o) (__aeabi_idiv0)

Allocating common symbols
Common symbol       size              file

ComError            0x4               serial.o
ComRXBuffer         0x4c              serial.o
ComTXBuffer         0x4c              serial.o
ComOpen             0x4               serial.o
ComBusy             0x4               serial.o

Memory Configuration

Name             Origin             Length             Attributes
flash            0x08000000         0x00004000
ram              0x20000000         0x00000800
*default*        0x00000000         0xffffffff

Linker script and memory map

LOAD init.o
LOAD serial.o
LOAD main.o
LOAD /usr/local/gcc-arm-none-eabi/lib/gcc/arm-none-eabi/5.3.1/armv6-m/libgcc.a
                0x08000000                . = ORIGIN (flash)

.text           0x08000000      0xa9c
 *(.vectors)
 .vectors       0x08000000       0xb8 init.o
                0x08000000                Vectors
 *(.text)
 .text          0x080000b8       0x7c init.o
                0x080000b8                init
                0x0800012c                Default_Handler
 .text          0x08000134      0x5bc serial.o
                0x08000134                ReadCom
                0x080001a8                WriteCom
                0x08000244                initUART
                0x080003e0                isr_usart2
                0x0800040c                usart_rx
                0x0800043c                usart_tx
                0x080004b4                PutBuf
                0x08000514                GetBuf
                0x08000568                GetBufCount
                0x0800057c                eputs
                0x080005b8                egets
                0x08000648                HexDigit
                0x08000678                printHex
                0x080006d8                bytesAvailable
 .text          0x080006f0      0x1d4 main.o
                0x080006f0                delay
                0x0800070c                initClockHSI16
                0x08000754                configPins
                0x0800078c                initADC
                0x0800080c                readADC
                0x0800083c                testADC
                0x0800086c                main
 .text          0x080008c4      0x1d4 /usr/local/gcc-arm-none-eabi/lib/gcc/arm-none-eabi/5.3.1/armv6-m/libgcc.a(_divsi3.o)
                0x080008c4                __aeabi_idiv
                0x080008c4                __divsi3
                0x08000a90                __aeabi_idivmod
 .text          0x08000a98        0x4 /usr/local/gcc-arm-none-eabi/lib/gcc/arm-none-eabi/5.3.1/armv6-m/libgcc.a(_dvmd_tls.o)
                0x08000a98                __aeabi_ldiv0
                0x08000a98                __aeabi_idiv0

.glue_7         0x08000a9c        0x0
 .glue_7        0x08000a9c        0x0 linker stubs

.glue_7t        0x08000a9c        0x0
 .glue_7t       0x08000a9c        0x0 linker stubs

.vfp11_veneer   0x08000a9c        0x0
 .vfp11_veneer  0x08000a9c        0x0 linker stubs

.v4_bx          0x08000a9c        0x0
 .v4_bx         0x08000a9c        0x0 linker stubs

.iplt           0x08000a9c        0x0
 .iplt          0x08000a9c        0x0 init.o

.rel.dyn        0x08000a9c        0x0
 .rel.iplt      0x08000a9c        0x0 init.o

.rodata         0x08000a9c        0xb
 .rodata        0x08000a9c        0xb main.o
                0x20000000                . = ORIGIN (ram)

.data           0x20000000        0x0 load address 0x08000aa7
                0x08000aa7                INIT_DATA_VALUES = LOADADDR (.data)
                0x20000000                INIT_DATA_START = .
 *(.data)
 .data          0x20000000        0x0 init.o
 .data          0x20000000        0x0 serial.o
 .data          0x20000000        0x0 main.o
 .data          0x20000000        0x0 /usr/local/gcc-arm-none-eabi/lib/gcc/arm-none-eabi/5.3.1/armv6-m/libgcc.a(_divsi3.o)
 .data          0x20000000        0x0 /usr/local/gcc-arm-none-eabi/lib/gcc/arm-none-eabi/5.3.1/armv6-m/libgcc.a(_dvmd_tls.o)
                0x20000000                INIT_DATA_END = .
                0x20000000                BSS_START = .

.igot.plt       0x20000000        0x0 load address 0x08000aa7
 .igot.plt      0x20000000        0x0 init.o

.bss            0x20000000       0xa4 load address 0x08000aa7
 *(.bss)
 .bss           0x20000000        0x0 init.o
 .bss           0x20000000        0x0 serial.o
 .bss           0x20000000        0x0 main.o
 .bss           0x20000000        0x0 /usr/local/gcc-arm-none-eabi/lib/gcc/arm-none-eabi/5.3.1/armv6-m/libgcc.a(_divsi3.o)
 .bss           0x20000000        0x0 /usr/local/gcc-arm-none-eabi/lib/gcc/arm-none-eabi/5.3.1/armv6-m/libgcc.a(_dvmd_tls.o)
 COMMON         0x20000000       0xa4 serial.o
                0x20000000                ComError
                0x20000004                ComRXBuffer
                0x20000050                ComTXBuffer
                0x2000009c                ComOpen
                0x200000a0                ComBusy
                0x200000a4                BSS_END = .
OUTPUT(main.elf elf32-littlearm)

.debug_info     0x00000000      0x5f0
 .debug_info    0x00000000       0xf1 init.o
 .debug_info    0x000000f1      0x3dc serial.o
 .debug_info    0x000004cd      0x123 main.o

.debug_abbrev   0x00000000      0x2d3
 .debug_abbrev  0x00000000       0xb1 init.o
 .debug_abbrev  0x000000b1      0x157 serial.o
 .debug_abbrev  0x00000208       0xcb main.o

.debug_aranges  0x00000000       0x60
 .debug_aranges
                0x00000000       0x20 init.o
 .debug_aranges
                0x00000020       0x20 serial.o
 .debug_aranges
                0x00000040       0x20 main.o

.debug_line     0x00000000      0x32f
 .debug_line    0x00000000       0x4a init.o
 .debug_line    0x0000004a      0x1a4 serial.o
 .debug_line    0x000001ee      0x141 main.o

.debug_str      0x00000000      0x2d2
 .debug_str     0x00000000      0x129 init.o
                                0x136 (size before relaxing)
 .debug_str     0x00000129      0x15d serial.o
                                0x275 (size before relaxing)
 .debug_str     0x00000286       0x4c main.o
                                0x18c (size before relaxing)

.comment        0x00000000       0x6e
 .comment       0x00000000       0x6e init.o
                                 0x6f (size before relaxing)
 .comment       0x0000006e       0x6f serial.o
 .comment       0x0000006e       0x6f main.o

.ARM.attributes
                0x00000000       0x32
 .ARM.attributes
                0x00000000       0x32 init.o
 .ARM.attributes
                0x00000032       0x32 serial.o
 .ARM.attributes
                0x00000064       0x32 main.o
 .ARM.attributes
                0x00000096       0x1e /usr/local/gcc-arm-none-eabi/lib/gcc/arm-none-eabi/5.3.1/armv6-m/libgcc.a(_divsi3.o)
 .ARM.attributes
                0x000000b4       0x1e /usr/local/gcc-arm-none-eabi/lib/gcc/arm-none-eabi/5.3.1/armv6-m/libgcc.a(_dvmd_tls.o)

.debug_frame    0x00000000      0x30c
 .debug_frame   0x00000000       0x4c init.o
 .debug_frame   0x0000004c      0x1c4 serial.o
 .debug_frame   0x00000210       0xdc main.o
 .debug_frame   0x000002ec       0x20 /usr/local/gcc-arm-none-eabi/lib/gcc/arm-none-eabi/5.3.1/armv6-m/libgcc.a(_divsi3.o)

Cross Reference Table

Symbol                                            File
BSS_END                                           init.o
BSS_START                                         init.o
ComBusy                                           serial.o
ComError                                          serial.o
ComOpen                                           serial.o
ComRXBuffer                                       serial.o
ComTXBuffer                                       serial.o
Default_Handler                                   init.o
GetBuf                                            serial.o
GetBufCount                                       serial.o
HexDigit                                          serial.o
INIT_DATA_END                                     init.o
INIT_DATA_START                                   init.o
INIT_DATA_VALUES                                  init.o
PutBuf                                            serial.o
ReadCom                                           serial.o
Vectors                                           init.o
WriteCom                                          serial.o
__aeabi_idiv                                      /usr/local/gcc-arm-none-eabi/lib/gcc/arm-none-eabi/5.3.1/armv6-m/libgcc.a(_divsi3.o)
                                                  serial.o
__aeabi_idiv0                                     /usr/local/gcc-arm-none-eabi/lib/gcc/arm-none-eabi/5.3.1/armv6-m/libgcc.a(_dvmd_tls.o)
                                                  /usr/local/gcc-arm-none-eabi/lib/gcc/arm-none-eabi/5.3.1/armv6-m/libgcc.a(_divsi3.o)
__aeabi_idivmod                                   /usr/local/gcc-arm-none-eabi/lib/gcc/arm-none-eabi/5.3.1/armv6-m/libgcc.a(_divsi3.o)
__aeabi_ldiv0                                     /usr/local/gcc-arm-none-eabi/lib/gcc/arm-none-eabi/5.3.1/armv6-m/libgcc.a(_dvmd_tls.o)
__divsi3                                          /usr/local/gcc-arm-none-eabi/lib/gcc/arm-none-eabi/5.3.1/armv6-m/libgcc.a(_divsi3.o)
bytesAvailable                                    serial.o
configPins                                        main.o
delay                                             main.o
egets                                             serial.o
eputs                                             serial.o
                                                  main.o
init                                              init.o
initADC                                           main.o
initClockHSI16                                    main.o
initUART                                          serial.o
                                                  main.o
isr_usart2                                        serial.o
                                                  init.o
main                                              main.o
                                                  init.o
printHex                                          serial.o
                                                  main.o
readADC                                           main.o
testADC                                           main.o
usart_rx                                          serial.o
usart_tx                                          serial.o
